Archive member included to satisfy reference by file (symbol)

/usr/lib/gcc/arm-none-eabi/13.2.1/../../../arm-none-eabi/lib/thumb/v7-m/nofp/libc_nano.a(libc_a-sprintf.o)
                              ./Output/main.o (sprintf)
/usr/lib/gcc/arm-none-eabi/13.2.1/../../../arm-none-eabi/lib/thumb/v7-m/nofp/libc_nano.a(libc_a-strlen-stub.o)
                              ./Output/tasks.o (strlen)
/usr/lib/gcc/arm-none-eabi/13.2.1/../../../arm-none-eabi/lib/thumb/v7-m/nofp/libc_nano.a(libc_a-impure.o)
                              /usr/lib/gcc/arm-none-eabi/13.2.1/../../../arm-none-eabi/lib/thumb/v7-m/nofp/libc_nano.a(libc_a-sprintf.o) (_impure_ptr)
/usr/lib/gcc/arm-none-eabi/13.2.1/../../../arm-none-eabi/lib/thumb/v7-m/nofp/libc_nano.a(libc_a-nano-svfprintf.o)
                              /usr/lib/gcc/arm-none-eabi/13.2.1/../../../arm-none-eabi/lib/thumb/v7-m/nofp/libc_nano.a(libc_a-sprintf.o) (_svfprintf_r)
/usr/lib/gcc/arm-none-eabi/13.2.1/../../../arm-none-eabi/lib/thumb/v7-m/nofp/libc_nano.a(libc_a-memset.o)
                              ./Output/tasks.o (memset)
/usr/lib/gcc/arm-none-eabi/13.2.1/../../../arm-none-eabi/lib/thumb/v7-m/nofp/libc_nano.a(libc_a-mallocr.o)
                              /usr/lib/gcc/arm-none-eabi/13.2.1/../../../arm-none-eabi/lib/thumb/v7-m/nofp/libc_nano.a(libc_a-nano-svfprintf.o) (_malloc_r)
/usr/lib/gcc/arm-none-eabi/13.2.1/../../../arm-none-eabi/lib/thumb/v7-m/nofp/libc_nano.a(libc_a-freer.o)
                              /usr/lib/gcc/arm-none-eabi/13.2.1/../../../arm-none-eabi/lib/thumb/v7-m/nofp/libc_nano.a(libc_a-nano-svfprintf.o) (_free_r)
/usr/lib/gcc/arm-none-eabi/13.2.1/../../../arm-none-eabi/lib/thumb/v7-m/nofp/libc_nano.a(libc_a-memmove.o)
                              /usr/lib/gcc/arm-none-eabi/13.2.1/../../../arm-none-eabi/lib/thumb/v7-m/nofp/libc_nano.a(libc_a-nano-svfprintf.o) (memmove)
/usr/lib/gcc/arm-none-eabi/13.2.1/../../../arm-none-eabi/lib/thumb/v7-m/nofp/libc_nano.a(libc_a-memcpy.o)
                              ./Output/queue.o (memcpy)
/usr/lib/gcc/arm-none-eabi/13.2.1/../../../arm-none-eabi/lib/thumb/v7-m/nofp/libc_nano.a(libc_a-reallocr.o)
                              /usr/lib/gcc/arm-none-eabi/13.2.1/../../../arm-none-eabi/lib/thumb/v7-m/nofp/libc_nano.a(libc_a-nano-svfprintf.o) (_realloc_r)
/usr/lib/gcc/arm-none-eabi/13.2.1/../../../arm-none-eabi/lib/thumb/v7-m/nofp/libc_nano.a(libc_a-nano-vfprintf_i.o)
                              /usr/lib/gcc/arm-none-eabi/13.2.1/../../../arm-none-eabi/lib/thumb/v7-m/nofp/libc_nano.a(libc_a-nano-svfprintf.o) (_printf_i)
/usr/lib/gcc/arm-none-eabi/13.2.1/../../../arm-none-eabi/lib/thumb/v7-m/nofp/libc_nano.a(libc_a-mlock.o)
                              /usr/lib/gcc/arm-none-eabi/13.2.1/../../../arm-none-eabi/lib/thumb/v7-m/nofp/libc_nano.a(libc_a-mallocr.o) (__malloc_lock)
/usr/lib/gcc/arm-none-eabi/13.2.1/../../../arm-none-eabi/lib/thumb/v7-m/nofp/libc_nano.a(libc_a-memchr-stub.o)
                              /usr/lib/gcc/arm-none-eabi/13.2.1/../../../arm-none-eabi/lib/thumb/v7-m/nofp/libc_nano.a(libc_a-nano-svfprintf.o) (memchr)
/usr/lib/gcc/arm-none-eabi/13.2.1/../../../arm-none-eabi/lib/thumb/v7-m/nofp/libc_nano.a(libc_a-snprintf.o)
                              ./Output/logger.o (snprintf)
/usr/lib/gcc/arm-none-eabi/13.2.1/../../../arm-none-eabi/lib/thumb/v7-m/nofp/libc_nano.a(libc_a-sbrkr.o)
                              /usr/lib/gcc/arm-none-eabi/13.2.1/../../../arm-none-eabi/lib/thumb/v7-m/nofp/libc_nano.a(libc_a-mallocr.o) (_sbrk_r)
/usr/lib/gcc/arm-none-eabi/13.2.1/../../../arm-none-eabi/lib/thumb/v7-m/nofp/libc_nano.a(libc_a-msizer.o)
                              /usr/lib/gcc/arm-none-eabi/13.2.1/../../../arm-none-eabi/lib/thumb/v7-m/nofp/libc_nano.a(libc_a-reallocr.o) (_malloc_usable_size_r)
/usr/lib/gcc/arm-none-eabi/13.2.1/../../../arm-none-eabi/lib/thumb/v7-m/nofp/libc_nano.a(libc_a-reent.o)
                              /usr/lib/gcc/arm-none-eabi/13.2.1/../../../arm-none-eabi/lib/thumb/v7-m/nofp/libc_nano.a(libc_a-sbrkr.o) (errno)
/usr/lib/gcc/arm-none-eabi/13.2.1/../../../arm-none-eabi/lib/thumb/v7-m/nofp/libnosys.a(sbrk.o)
                              /usr/lib/gcc/arm-none-eabi/13.2.1/../../../arm-none-eabi/lib/thumb/v7-m/nofp/libc_nano.a(libc_a-sbrkr.o) (_sbrk)

Discarded input sections

 .group         0x00000000        0xc ./Output/list.o
 .group         0x00000000        0xc ./Output/list.o
 .group         0x00000000        0xc ./Output/list.o
 .group         0x00000000        0xc ./Output/list.o
 .group         0x00000000        0xc ./Output/list.o
 .group         0x00000000        0xc ./Output/list.o
 .group         0x00000000        0xc ./Output/list.o
 .group         0x00000000        0xc ./Output/list.o
 .group         0x00000000        0xc ./Output/list.o
 .group         0x00000000        0xc ./Output/list.o
 .group         0x00000000        0xc ./Output/list.o
 .group         0x00000000        0xc ./Output/list.o
 .group         0x00000000        0xc ./Output/list.o
[...]
Memory Configuration

Name             Origin             Length             Attributes
FLASH            0x00000000         0x00400000         xr
RAM              0x20000000         0x00400000         rw
*default*        0x00000000         0xffffffff

Linker script and memory map

LOAD ./Output/list.o
LOAD ./Output/tasks.o
LOAD ./Output/queue.o
LOAD ./Output/heap_4.o
LOAD ./Output/port.o
LOAD ./Output/main.o
LOAD ./Output/uart.o
LOAD ./Output/logger.o
LOAD ./Output/startup.o
START GROUP
LOAD /usr/lib/gcc/arm-none-eabi/13.2.1/thumb/v7-m/nofp/libgcc.a
LOAD /usr/lib/gcc/arm-none-eabi/13.2.1/../../../arm-none-eabi/lib/thumb/v7-m/nofp/libc_nano.a
END GROUP
START GROUP
LOAD /usr/lib/gcc/arm-none-eabi/13.2.1/thumb/v7-m/nofp/libgcc.a
LOAD /usr/lib/gcc/arm-none-eabi/13.2.1/../../../arm-none-eabi/lib/thumb/v7-m/nofp/libc_nano.a
LOAD /usr/lib/gcc/arm-none-eabi/13.2.1/../../../arm-none-eabi/lib/thumb/v7-m/nofp/libnosys.a
END GROUP
START GROUP
LOAD /usr/lib/gcc/arm-none-eabi/13.2.1/thumb/v7-m/nofp/libgcc.a
LOAD /usr/lib/gcc/arm-none-eabi/13.2.1/../../../arm-none-eabi/lib/thumb/v7-m/nofp/libc_nano.a
LOAD /usr/lib/gcc/arm-none-eabi/13.2.1/../../../arm-none-eabi/lib/thumb/v7-m/nofp/libnosys.a
END GROUP
                0x00000008                        _Min_Heap_Size = 0x8
                0x00000400                        _Min_Stack_Size = 0x400
                0x20400000                        _estack = (ORIGIN (RAM) + LENGTH (RAM))

.isr_vector     0x00000000       0x78
                0x00000000                        __vector_table = .
 *(.isr_vector)
 .isr_vector    0x00000000       0x78 ./Output/startup.o
                0x00000000                isr_vector
                0x00000078                        . = ALIGN (0x4)

.text           0x00000078     0x1055
 *(.text)
 .text          0x00000078       0x80 /usr/lib/gcc/arm-none-eabi/13.2.1/../../../arm-none-eabi/lib/thumb/v7-m/nofp/libc_nano.a(libc_a-sprintf.o)
                0x00000078                _siprintf_r
                0x00000078                _sprintf_r
                0x000000b4                sprintf
                0x000000b4                siprintf
 .text          0x000000f8      0x400 /usr/lib/gcc/arm-none-eabi/13.2.1/../../../arm-none-eabi/lib/thumb/v7-m/nofp/libc_nano.a(libc_a-nano-svfprintf.o)
                0x000000f8                __ssputs_r
                0x000001b8                __ssprint_r
                0x000002c8                _svfprintf_r
                0x000002c8                _svfiprintf_r
 .text          0x000004f8       0xa0 /usr/lib/gcc/arm-none-eabi/13.2.1/../../../arm-none-eabi/lib/thumb/v7-m/nofp/libc_nano.a(libc_a-memset.o)
                0x000004f8                memset
 .text          0x00000598      0x14c /usr/lib/gcc/arm-none-eabi/13.2.1/../../../arm-none-eabi/lib/thumb/v7-m/nofp/libc_nano.a(libc_a-mallocr.o)
                0x000005e4                _malloc_r
 .text          0x000006e4       0xbc /usr/lib/gcc/arm-none-eabi/13.2.1/../../../arm-none-eabi/lib/thumb/v7-m/nofp/libc_nano.a(libc_a-freer.o)
                0x000006e4                _free_r
 .text          0x000007a0       0xfc /usr/lib/gcc/arm-none-eabi/13.2.1/../../../arm-none-eabi/lib/thumb/v7-m/nofp/libc_nano.a(libc_a-memmove.o)
                0x000007a0                memmove
 .text          0x0000089c       0xec /usr/lib/gcc/arm-none-eabi/13.2.1/../../../arm-none-eabi/lib/thumb/v7-m/nofp/libc_nano.a(libc_a-memcpy.o)
                0x0000089c                memcpy
 .text          0x00000988       0x64 /usr/lib/gcc/arm-none-eabi/13.2.1/../../../arm-none-eabi/lib/thumb/v7-m/nofp/libc_nano.a(libc_a-reallocr.o)
                0x00000988                _realloc_r
 .text          0x000009ec      0x3a8 /usr/lib/gcc/arm-none-eabi/13.2.1/../../../arm-none-eabi/lib/thumb/v7-m/nofp/libc_nano.a(libc_a-nano-vfprintf_i.o)
                0x000009ec                _printf_common
                0x00000b10                _printf_i
 .text          0x00000d94        0x8 /usr/lib/gcc/arm-none-eabi/13.2.1/../../../arm-none-eabi/lib/thumb/v7-m/nofp/libc_nano.a(libc_a-mlock.o)
                0x00000d94                __malloc_lock
                0x00000d98                __malloc_unlock
 .text          0x00000d9c       0x98 /usr/lib/gcc/arm-none-eabi/13.2.1/../../../arm-none-eabi/lib/thumb/v7-m/nofp/libc_nano.a(libc_a-memchr-stub.o)
                0x00000d9c                memchr
 .text          0x00000e34      0x10c /usr/lib/gcc/arm-none-eabi/13.2.1/../../../arm-none-eabi/lib/thumb/v7-m/nofp/libc_nano.a(libc_a-snprintf.o)
                0x00000e34                _sniprintf_r
                0x00000e34                _snprintf_r
                0x00000eb4                snprintf
                0x00000eb4                sniprintf
 .text          0x00000f40       0x24 /usr/lib/gcc/arm-none-eabi/13.2.1/../../../arm-none-eabi/lib/thumb/v7-m/nofp/libc_nano.a(libc_a-sbrkr.o)
                0x00000f40                _sbrk_r
 .text          0x00000f64       0x10 /usr/lib/gcc/arm-none-eabi/13.2.1/../../../arm-none-eabi/lib/thumb/v7-m/nofp/libc_nano.a(libc_a-msizer.o)
                0x00000f64                _malloc_usable_size_r
 .text          0x00000f74       0x1c /usr/lib/gcc/arm-none-eabi/13.2.1/../../../arm-none-eabi/lib/thumb/v7-m/nofp/libnosys.a(sbrk.o)
                0x00000f74                _sbrk
 *(.rodata*)
 .rodata.vTaskStartScheduler.str1.1
                0x00000f90       0xff ./Output/tasks.o
                                  0x5 (size before relaxing)
 *fill*         0x0000108f        0x1 
 .rodata.uxTopUsedPriority
                0x00001090        0x4 ./Output/tasks.o
 .rodata.HelloTask.str1.1
                0x00001094       0x2f ./Output/main.o
 .rodata.main.str1.1
                0x00001094        0xf ./Output/main.o
 .rodata.vLoggerInit.str1.1
                0x00001094        0x7 ./Output/logger.o
 .rodata.vLoggerPrint.str1.1
                0x00001094       0x7f ./Output/logger.o
 .rodata.prvGetRegistersFromStack.str1.1
                0x00001094       0x36 ./Output/startup.o
 .rodata.str1.4
                0x00001094       0x39 /usr/lib/gcc/arm-none-eabi/13.2.1/../../../arm-none-eabi/lib/thumb/v7-m/nofp/libc_nano.a(libc_a-nano-svfprintf.o)
                                 0x13 (size before relaxing)
 .rodata.str1.4
                0x000010cd       0x25 /usr/lib/gcc/arm-none-eabi/13.2.1/../../../arm-none-eabi/lib/thumb/v7-m/nofp/libc_nano.a(libc_a-nano-vfprintf_i.o)
 *(.constdata*)
                0x000010cd                        _etext = .
                0x000010cd                        _sidata = .

.glue_7         0x000010d0        0x0
 .glue_7        0x000010d0        0x0 linker stubs

.glue_7t        0x000010d0        0x0
 .glue_7t       0x000010d0        0x0 linker stubs

.vfp11_veneer   0x000010d0        0x0
 .vfp11_veneer  0x000010d0        0x0 linker stubs

.v4_bx          0x000010d0        0x0
 .v4_bx         0x000010d0        0x0 linker stubs

.text.vListInitialise
                0x000010ce       0x16
 .text.vListInitialise
                0x000010ce       0x16 ./Output/list.o
                0x000010ce                vListInitialise

.text.vListInitialiseItem
                0x000010e4        0x6
 .text.vListInitialiseItem
                0x000010e4        0x6 ./Output/list.o
                0x000010e4                vListInitialiseItem

.text.vListInsert
                0x000010ea       0x2e
 .text.vListInsert
                0x000010ea       0x2e ./Output/list.o
                0x000010ea                vListInsert

.text.uxListRemove
                0x00001118       0x1e
 .text.uxListRemove
                0x00001118       0x1e ./Output/list.o
                0x00001118                uxListRemove

.text.prvAddCurrentTaskToDelayedList
                0x00001138       0xb4
 .text.prvAddCurrentTaskToDelayedList
                0x00001138       0xb4 ./Output/tasks.o

.text.prvResetNextTaskUnblockTime
                0x000011ec       0x24
 .text.prvResetNextTaskUnblockTime
                0x000011ec       0x24 ./Output/tasks.o

.text.prvCheckTasksWaitingTermination
                0x00001210       0x48
 .text.prvCheckTasksWaitingTermination
                0x00001210       0x48 ./Output/tasks.o

.text.prvIdleTask
                0x00001258        0xc
 .text.prvIdleTask
                0x00001258        0xc ./Output/tasks.o

.text.xTaskCreate
                0x00001264      0x1dc
 .text.xTaskCreate
                0x00001264      0x1dc ./Output/tasks.o
                0x00001264                xTaskCreate

.text.xTaskCreatePeriodic
                0x00001440       0x48
 .text.xTaskCreatePeriodic
                0x00001440       0x48 ./Output/tasks.o
                0x00001440                xTaskCreatePeriodic

.text.xTaskGetPeriod
                0x00001488       0x14
 .text.xTaskGetPeriod
                0x00001488       0x14 ./Output/tasks.o
                0x00001488                xTaskGetPeriod

.text.xTaskGetDeadline
                0x0000149c       0x14
 .text.xTaskGetDeadline
                0x0000149c       0x14 ./Output/tasks.o
                0x0000149c                xTaskGetDeadline

.text.vTaskStartScheduler
                0x000014b0       0x80
 .text.vTaskStartScheduler
                0x000014b0       0x80 ./Output/tasks.o
                0x000014b0                vTaskStartScheduler

.text.vTaskSuspendAll
                0x00001530       0x10
 .text.vTaskSuspendAll
                0x00001530       0x10 ./Output/tasks.o
                0x00001530                vTaskSuspendAll

.text.xTaskGetTickCount
                0x00001540        0xc
 .text.xTaskGetTickCount
                0x00001540        0xc ./Output/tasks.o
                0x00001540                xTaskGetTickCount

.text.uxTaskGetNumberOfTasks
                0x0000154c        0xc
 .text.uxTaskGetNumberOfTasks
                0x0000154c        0xc ./Output/tasks.o
                0x0000154c                uxTaskGetNumberOfTasks

.text.pcTaskGetName
                0x00001558       0x14
 .text.pcTaskGetName
                0x00001558       0x14 ./Output/tasks.o
                0x00001558                pcTaskGetName

.text.xTaskIncrementTick
                0x0000156c      0x180
 .text.xTaskIncrementTick
                0x0000156c      0x180 ./Output/tasks.o
                0x0000156c                xTaskIncrementTick

.text.xTaskResumeAll
                0x000016ec      0x150
 .text.xTaskResumeAll
                0x000016ec      0x150 ./Output/tasks.o
                0x000016ec                xTaskResumeAll

.text.xTaskDelayUntil
                0x0000183c       0x6c
 .text.xTaskDelayUntil
                0x0000183c       0x6c ./Output/tasks.o
                0x0000183c                xTaskDelayUntil

.text.vPeriodicWrapperTask
                0x000018a8       0x50
 .text.vPeriodicWrapperTask
                0x000018a8       0x50 ./Output/tasks.o

.text.vTaskSwitchContext
                0x000018f8       0x68
 .text.vTaskSwitchContext
                0x000018f8       0x68 ./Output/tasks.o
                0x000018f8                vTaskSwitchContext

.text.vTaskPlaceOnEventList
                0x00001960       0x24
 .text.vTaskPlaceOnEventList
                0x00001960       0x24 ./Output/tasks.o
                0x00001960                vTaskPlaceOnEventList

.text.xTaskRemoveFromEventList
                0x00001984       0xbc
 .text.xTaskRemoveFromEventList
                0x00001984       0xbc ./Output/tasks.o
                0x00001984                xTaskRemoveFromEventList

.text.vTaskInternalSetTimeOutState
                0x00001a40       0x18
 .text.vTaskInternalSetTimeOutState
                0x00001a40       0x18 ./Output/tasks.o
                0x00001a40                vTaskInternalSetTimeOutState

.text.xTaskCheckForTimeOut
                0x00001a58       0x70
 .text.xTaskCheckForTimeOut
                0x00001a58       0x70 ./Output/tasks.o
                0x00001a58                xTaskCheckForTimeOut

.text.vTaskMissedYield
                0x00001ac8        0xc
 .text.vTaskMissedYield
                0x00001ac8        0xc ./Output/tasks.o
                0x00001ac8                vTaskMissedYield

.text.xTaskGetSchedulerState
                0x00001ad4       0x20
 .text.xTaskGetSchedulerState
                0x00001ad4       0x20 ./Output/tasks.o
                0x00001ad4                xTaskGetSchedulerState

.text.xTaskPriorityInherit
                0x00001af4       0xa0
 .text.xTaskPriorityInherit
                0x00001af4       0xa0 ./Output/tasks.o
                0x00001af4                xTaskPriorityInherit

.text.xTaskPriorityDisinherit
                0x00001b94       0x84
 .text.xTaskPriorityDisinherit
                0x00001b94       0x84 ./Output/tasks.o
                0x00001b94                xTaskPriorityDisinherit

.text.vTaskPriorityDisinheritAfterTimeout
                0x00001c18       0x94
 .text.vTaskPriorityDisinheritAfterTimeout
                0x00001c18       0x94 ./Output/tasks.o
                0x00001c18                vTaskPriorityDisinheritAfterTimeout

.text.pvTaskIncrementMutexHeldCount
                0x00001cac       0x14
 .text.pvTaskIncrementMutexHeldCount
                0x00001cac       0x14 ./Output/tasks.o
                0x00001cac                pvTaskIncrementMutexHeldCount

.iplt           0x00001cc0        0x0
 .iplt          0x00001cc0        0x0 ./Output/tasks.o

.text.prvIsQueueEmpty
                0x00001cc0       0x16
 .text.prvIsQueueEmpty
                0x00001cc0       0x16 ./Output/queue.o

.text.prvCopyDataToQueue
                0x00001cd6       0x66
 .text.prvCopyDataToQueue
                0x00001cd6       0x66 ./Output/queue.o

.text.prvNotifyQueueSetContainer
                0x00001d3c       0x64
 .text.prvNotifyQueueSetContainer
                0x00001d3c       0x64 ./Output/queue.o

.text.prvUnlockQueue
                0x00001da0       0x78
 .text.prvUnlockQueue
                0x00001da0       0x78 ./Output/queue.o

.text.xQueueGenericReset
                0x00001e18       0x7a
 .text.xQueueGenericReset
                0x00001e18       0x7a ./Output/queue.o
                0x00001e18                xQueueGenericReset

.text.xQueueGenericCreate
                0x00001e92       0x42
 .text.xQueueGenericCreate
                0x00001e92       0x42 ./Output/queue.o
                0x00001e92                xQueueGenericCreate

.text.xQueueGenericSend
                0x00001ed4      0x138
 .text.xQueueGenericSend
                0x00001ed4      0x138 ./Output/queue.o
                0x00001ed4                xQueueGenericSend

.text.xQueueSemaphoreTake
                0x0000200c      0x138
 .text.xQueueSemaphoreTake
                0x0000200c      0x138 ./Output/queue.o
                0x0000200c                xQueueSemaphoreTake

.text.pvPortMalloc
                0x00002144      0x130
 .text.pvPortMalloc
                0x00002144      0x130 ./Output/heap_4.o
                0x00002144                pvPortMalloc

.text.vPortFree
                0x00002274       0xbc
 .text.vPortFree
                0x00002274       0xbc ./Output/heap_4.o
                0x00002274                vPortFree

.text.prvTaskExitError
                0x00002330       0x30
 .text.prvTaskExitError
                0x00002330       0x30 ./Output/port.o

.text.vPortSVCHandler
                0x00002360       0x24
 .text.vPortSVCHandler
                0x00002360       0x24 ./Output/port.o
                0x00002360                vPortSVCHandler

.text.prvPortStartFirstTask
                0x00002384       0x20
 .text.prvPortStartFirstTask
                0x00002384       0x20 ./Output/port.o

.text.xPortPendSVHandler
                0x000023a4       0x44
 .text.xPortPendSVHandler
                0x000023a4       0x44 ./Output/port.o
                0x000023a4                xPortPendSVHandler

.text.pxPortInitialiseStack
                0x000023e8       0x24
 .text.pxPortInitialiseStack
                0x000023e8       0x24 ./Output/port.o
                0x000023e8                pxPortInitialiseStack

.text.vPortEnterCritical
                0x0000240c       0x30
 .text.vPortEnterCritical
                0x0000240c       0x30 ./Output/port.o
                0x0000240c                vPortEnterCritical

.text.vPortExitCritical
                0x0000243c       0x18
 .text.vPortExitCritical
                0x0000243c       0x18 ./Output/port.o
                0x0000243c                vPortExitCritical

.text.xPortSysTickHandler
                0x00002454       0x2c
 .text.xPortSysTickHandler
                0x00002454       0x2c ./Output/port.o
                0x00002454                xPortSysTickHandler

.text.vPortSetupTimerInterrupt
                0x00002480       0x16
 .text.vPortSetupTimerInterrupt
                0x00002480       0x16 ./Output/port.o
                0x00002480                vPortSetupTimerInterrupt

.text.xPortStartScheduler
                0x00002498       0xe4
 .text.xPortStartScheduler
                0x00002498       0xe4 ./Output/port.o
                0x00002498                xPortStartScheduler

.text.HelloTask
                0x0000257c       0x38
 .text.HelloTask
                0x0000257c       0x38 ./Output/main.o

.text.HelloTask2
                0x000025b4        0x4
 .text.HelloTask2
                0x000025b4        0x4 ./Output/main.o

.text.startup.main
                0x000025b8       0x5c
 .text.startup.main
                0x000025b8       0x5c ./Output/main.o
                0x000025b8                main

.text.UART_init
                0x00002614        0xe
 .text.UART_init
                0x00002614        0xe ./Output/uart.o
                0x00002614                UART_init

.text.UART_printf
                0x00002622       0x12
 .text.UART_printf
                0x00002622       0x12 ./Output/uart.o
                0x00002622                UART_printf

.text.vLoggerInit
                0x00002634       0x6c
 .text.vLoggerInit
                0x00002634       0x6c ./Output/logger.o
                0x00002634                vLoggerInit

.text.vLoggerStore
                0x000026a0       0x68
 .text.vLoggerStore
                0x000026a0       0x68 ./Output/logger.o
                0x000026a0                vLoggerStore

.text.vApplicationIdleHook
                0x00002708       0x10
 .text.vApplicationIdleHook
                0x00002708       0x10 ./Output/logger.o
                0x00002708                vApplicationIdleHook

.text.vLoggerPrint
                0x00002718      0x14c
 .text.vLoggerPrint
                0x00002718      0x14c ./Output/logger.o
                0x00002718                vLoggerPrint

.text.vLoggerTask
                0x00002864       0x18
 .text.vLoggerTask
                0x00002864       0x18 ./Output/logger.o
                0x00002864                vLoggerTask

.text.Default_Handler
                0x00002900        0xc
 .text.Default_Handler
                0x00002900        0xc ./Output/startup.o

.text.HardFault_Handler
                0x00002a00       0x18
 .text.HardFault_Handler
                0x00002a00       0x18 ./Output/startup.o

.text.Reset_Handler
                0x00002a18        0x4
 .text.Reset_Handler
                0x00002a18        0x4 ./Output/startup.o
                0x00002a18                Reset_Handler

.text.prvGetRegistersFromStack
                0x00002a1c       0x60
 .text.prvGetRegistersFromStack
                0x00002a1c       0x60 ./Output/startup.o
                0x00002a1c                prvGetRegistersFromStack

.rel.dyn        0x00002a7c        0x0
 .rel.iplt      0x00002a7c        0x0 ./Output/tasks.o

.ARM.exidx      0x00002a7c        0x8
 .ARM.exidx     0x00002a7c        0x8 /usr/lib/gcc/arm-none-eabi/13.2.1/../../../arm-none-eabi/lib/thumb/v7-m/nofp/libc_nano.a(libc_a-memcpy.o)

.data           0x20000000       0x50
                0x20000000                        . = ALIGN (0x8)
                0x20000000                        _data = .
                0x20000000                        _sdata = .
 *(vtable)
 *(.data)
 .data          0x20000000       0x50 /usr/lib/gcc/arm-none-eabi/13.2.1/../../../arm-none-eabi/lib/thumb/v7-m/nofp/libc_nano.a(libc_a-impure.o)
                0x20000000                _impure_ptr
                0x20000004                _impure_data
                0x20000050                        _edata = .

.igot.plt       0x20000050        0x0
 .igot.plt      0x20000050        0x0 ./Output/tasks.o

.data.uxCriticalNesting
                0x20000050        0x4
 .data.uxCriticalNesting
                0x20000050        0x4 ./Output/port.o

.bss            0x20000054       0x14
                0x20000058                        . = ALIGN (0x8)
 *fill*         0x20000054        0x4 
                0x20000058                        _bss = .
                0x20000058                        _sbss = .
 *(.bss)
 .bss           0x20000058        0x8 /usr/lib/gcc/arm-none-eabi/13.2.1/../../../arm-none-eabi/lib/thumb/v7-m/nofp/libc_nano.a(libc_a-mallocr.o)
                0x20000058                __malloc_sbrk_start
                0x2000005c                __malloc_free_list
 .bss           0x20000060        0x4 /usr/lib/gcc/arm-none-eabi/13.2.1/../../../arm-none-eabi/lib/thumb/v7-m/nofp/libc_nano.a(libc_a-reent.o)
                0x20000060                errno
 .bss           0x20000064        0x4 /usr/lib/gcc/arm-none-eabi/13.2.1/../../../arm-none-eabi/lib/thumb/v7-m/nofp/libnosys.a(sbrk.o)
                0x20000068                        _ebss = .

.bss.uxSchedulerSuspended
                0x20000068        0x4
 .bss.uxSchedulerSuspended
                0x20000068        0x4 ./Output/tasks.o

.bss.xIdleTaskHandles
                0x2000006c        0x4
 .bss.xIdleTaskHandles
                0x2000006c        0x4 ./Output/tasks.o

.bss.xNextTaskUnblockTime
                0x20000070        0x4
 .bss.xNextTaskUnblockTime
                0x20000070        0x4 ./Output/tasks.o

.bss.uxTaskNumber
                0x20000074        0x4
 .bss.uxTaskNumber
                0x20000074        0x4 ./Output/tasks.o

.bss.xNumOfOverflows
                0x20000078        0x4
 .bss.xNumOfOverflows
                0x20000078        0x4 ./Output/tasks.o

.bss.xYieldPendings
                0x2000007c        0x4
 .bss.xYieldPendings
                0x2000007c        0x4 ./Output/tasks.o

.bss.xPendedTicks
                0x20000080        0x4
 .bss.xPendedTicks
                0x20000080        0x4 ./Output/tasks.o

.bss.xSchedulerRunning
                0x20000084        0x4
 .bss.xSchedulerRunning
                0x20000084        0x4 ./Output/tasks.o

.bss.uxTopReadyPriority
                0x20000088        0x4
 .bss.uxTopReadyPriority
                0x20000088        0x4 ./Output/tasks.o

.bss.xTickCount
                0x2000008c        0x4
 .bss.xTickCount
                0x2000008c        0x4 ./Output/tasks.o

.bss.uxCurrentNumberOfTasks
                0x20000090        0x4
 .bss.uxCurrentNumberOfTasks
                0x20000090        0x4 ./Output/tasks.o

.bss.xSuspendedTaskList
                0x20000094       0x14
 .bss.xSuspendedTaskList
                0x20000094       0x14 ./Output/tasks.o

.bss.uxDeletedTasksWaitingCleanUp
                0x200000a8        0x4
 .bss.uxDeletedTasksWaitingCleanUp
                0x200000a8        0x4 ./Output/tasks.o

.bss.xTasksWaitingTermination
                0x200000ac       0x14
 .bss.xTasksWaitingTermination
                0x200000ac       0x14 ./Output/tasks.o

.bss.xPendingReadyList
                0x200000c0       0x14
 .bss.xPendingReadyList
                0x200000c0       0x14 ./Output/tasks.o

.bss.pxOverflowDelayedTaskList
                0x200000d4        0x4
 .bss.pxOverflowDelayedTaskList
                0x200000d4        0x4 ./Output/tasks.o

.bss.pxDelayedTaskList
                0x200000d8        0x4
 .bss.pxDelayedTaskList
                0x200000d8        0x4 ./Output/tasks.o

.bss.xDelayedTaskList2
                0x200000dc       0x14
 .bss.xDelayedTaskList2
                0x200000dc       0x14 ./Output/tasks.o

.bss.xDelayedTaskList1
                0x200000f0       0x14
 .bss.xDelayedTaskList1
                0x200000f0       0x14 ./Output/tasks.o

.bss.pxReadyTasksLists
                0x20000104       0xb4
 .bss.pxReadyTasksLists
                0x20000104       0xb4 ./Output/tasks.o

.bss.pxCurrentTCB
                0x200001b8        0x4
 .bss.pxCurrentTCB
                0x200001b8        0x4 ./Output/tasks.o
                0x200001b8                pxCurrentTCB

.bss.xNumberOfSuccessfulFrees
                0x200001bc        0x4
 .bss.xNumberOfSuccessfulFrees
                0x200001bc        0x4 ./Output/heap_4.o

.bss.xNumberOfSuccessfulAllocations
                0x200001c0        0x4
 .bss.xNumberOfSuccessfulAllocations
                0x200001c0        0x4 ./Output/heap_4.o

.bss.xMinimumEverFreeBytesRemaining
                0x200001c4        0x4
 .bss.xMinimumEverFreeBytesRemaining
                0x200001c4        0x4 ./Output/heap_4.o

.bss.xFreeBytesRemaining
                0x200001c8        0x4
 .bss.xFreeBytesRemaining
                0x200001c8        0x4 ./Output/heap_4.o

.bss.pxEnd      0x200001cc        0x4
 .bss.pxEnd     0x200001cc        0x4 ./Output/heap_4.o

.bss.xStart     0x200001d0        0x8
 .bss.xStart    0x200001d0        0x8 ./Output/heap_4.o

.bss.ucHeap     0x200001d8     0xf000
 .bss.ucHeap    0x200001d8     0xf000 ./Output/heap_4.o

.bss.ulMaxPRIGROUPValue
                0x2000f1d8        0x4
 .bss.ulMaxPRIGROUPValue
                0x2000f1d8        0x4 ./Output/port.o

.bss.ucMaxSysCallPriority
                0x2000f1dc        0x1
 .bss.ucMaxSysCallPriority
                0x2000f1dc        0x1 ./Output/port.o

.bss.xLocalBuffer.0
                0x2000f1e0      0x640
 .bss.xLocalBuffer.0
                0x2000f1e0      0x640 ./Output/logger.o

.bss.xLoggerTaskHandle
                0x2000f820        0x4
 .bss.xLoggerTaskHandle
                0x2000f820        0x4 ./Output/logger.o

.bss.pxTail     0x2000f824        0x4
 .bss.pxTail    0x2000f824        0x4 ./Output/logger.o

.bss.pxHead     0x2000f828        0x4
 .bss.pxHead    0x2000f828        0x4 ./Output/logger.o

.bss.xLoggerSemaphore
                0x2000f82c        0x4
 .bss.xLoggerSemaphore
                0x2000f82c        0x4 ./Output/logger.o

.bss.ulIdleTicks
                0x2000f830        0x4
 .bss.ulIdleTicks
                0x2000f830        0x4 ./Output/logger.o

.bss.usCount    0x2000f834        0x2
 .bss.usCount   0x2000f834        0x2 ./Output/logger.o

.bss.xLoggerBuffer
                0x2000f838      0x640
 .bss.xLoggerBuffer
                0x2000f838      0x640 ./Output/logger.o

.bss.psr        0x2000fe78        0x4
 .bss.psr       0x2000fe78        0x4 ./Output/startup.o
                0x2000fe78                psr

.bss.pc         0x2000fe7c        0x4
 .bss.pc        0x2000fe7c        0x4 ./Output/startup.o
                0x2000fe7c                pc

.bss.lr         0x2000fe80        0x4
 .bss.lr        0x2000fe80        0x4 ./Output/startup.o
                0x2000fe80                lr

.bss.r12        0x2000fe84        0x4
 .bss.r12       0x2000fe84        0x4 ./Output/startup.o
                0x2000fe84                r12

.bss.r3         0x2000fe88        0x4
 .bss.r3        0x2000fe88        0x4 ./Output/startup.o
                0x2000fe88                r3

.bss.r2         0x2000fe8c        0x4
 .bss.r2        0x2000fe8c        0x4 ./Output/startup.o
                0x2000fe8c                r2

.bss.r1         0x2000fe90        0x4
 .bss.r1        0x2000fe90        0x4 ./Output/startup.o
                0x2000fe90                r1

.bss.r0         0x2000fe94        0x4
 .bss.r0        0x2000fe94        0x4 ./Output/startup.o
                0x2000fe94                r0

.heap           0x2000fe98      0x408
                0x2000fe98                        . = ALIGN (0x8)
                0x2000fe98                        PROVIDE (end = .)
                [!provide]                        PROVIDE (_end = .)
                0x2000fe98                        _heap_bottom = .
                0x2000fea0                        . = (. + _Min_Heap_Size)
 *fill*         0x2000fe98        0x8 
                0x2000fea0                        _heap_top = .
                0x200102a0                        . = (. + _Min_Stack_Size)
 *fill*         0x2000fea0      0x400 
                0x200102a0                        . = ALIGN (0x8)
                0x20400000                        __StackTop = (ORIGIN (RAM) + LENGTH (RAM))
                0x203ffc00                        __StackLimit = (__StackTop - _Min_Stack_Size)
                [!provide]                        PROVIDE (__stack = __StackTop)
                0x00000001                        ASSERT ((__StackLimit >= _heap_top), region RAM overflowed with stack)
OUTPUT(./Output/demo.elf elf32-littlearm)
LOAD linker stubs

.debug_info     0x00000000     0xe7f4
 .debug_info    0x00000000      0x2b2 ./Output/list.o
 .debug_info    0x000002b2     0x3531 ./Output/tasks.o
 .debug_info    0x000037e3     0x2278 ./Output/queue.o
 .debug_info    0x00005a5b      0x5e8 ./Output/heap_4.o
 .debug_info    0x00006043      0x465 ./Output/port.o
 .debug_info    0x000064a8      0x405 ./Output/main.o
 .debug_info    0x000068ad       0xd1 ./Output/uart.o
 .debug_info    0x0000697e      0x726 ./Output/logger.o
 .debug_info    0x000070a4      0x1fb ./Output/startup.o
 .debug_info    0x0000729f      0x87b /usr/lib/gcc/arm-none-eabi/13.2.1/../../../arm-none-eabi/lib/thumb/v7-m/nofp/libc_nano.a(libc_a-sprintf.o)
 .debug_info    0x00007b1a      0x70b /usr/lib/gcc/arm-none-eabi/13.2.1/../../../arm-none-eabi/lib/thumb/v7-m/nofp/libc_nano.a(libc_a-impure.o)
 .debug_info    0x00008225     0x1094 /usr/lib/gcc/arm-none-eabi/13.2.1/../../../arm-none-eabi/lib/thumb/v7-m/nofp/libc_nano.a(libc_a-nano-svfprintf.o)
 .debug_info    0x000092b9      0x135 /usr/lib/gcc/arm-none-eabi/13.2.1/../../../arm-none-eabi/lib/thumb/v7-m/nofp/libc_nano.a(libc_a-memset.o)
 .debug_info    0x000093ee      0x9b6 /usr/lib/gcc/arm-none-eabi/13.2.1/../../../arm-none-eabi/lib/thumb/v7-m/nofp/libc_nano.a(libc_a-mallocr.o)
 .debug_info    0x00009da4      0x87f /usr/lib/gcc/arm-none-eabi/13.2.1/../../../arm-none-eabi/lib/thumb/v7-m/nofp/libc_nano.a(libc_a-freer.o)
 .debug_info    0x0000a623      0x148 /usr/lib/gcc/arm-none-eabi/13.2.1/../../../arm-none-eabi/lib/thumb/v7-m/nofp/libc_nano.a(libc_a-memmove.o)
 .debug_info    0x0000a76b       0x33 /usr/lib/gcc/arm-none-eabi/13.2.1/../../../arm-none-eabi/lib/thumb/v7-m/nofp/libc_nano.a(libc_a-memcpy.o)
 .debug_info    0x0000a79e      0x8cd /usr/lib/gcc/arm-none-eabi/13.2.1/../../../arm-none-eabi/lib/thumb/v7-m/nofp/libc_nano.a(libc_a-reallocr.o)
 .debug_info    0x0000b06b      0xdd7 /usr/lib/gcc/arm-none-eabi/13.2.1/../../../arm-none-eabi/lib/thumb/v7-m/nofp/libc_nano.a(libc_a-nano-vfprintf_i.o)
 .debug_info    0x0000be42      0x71c /usr/lib/gcc/arm-none-eabi/13.2.1/../../../arm-none-eabi/lib/thumb/v7-m/nofp/libc_nano.a(libc_a-mlock.o)
 .debug_info    0x0000c55e      0x14a /usr/lib/gcc/arm-none-eabi/13.2.1/../../../arm-none-eabi/lib/thumb/v7-m/nofp/libc_nano.a(libc_a-memchr-stub.o)
 .debug_info    0x0000c6a8      0x8ff /usr/lib/gcc/arm-none-eabi/13.2.1/../../../arm-none-eabi/lib/thumb/v7-m/nofp/libc_nano.a(libc_a-snprintf.o)
 .debug_info    0x0000cfa7      0x778 /usr/lib/gcc/arm-none-eabi/13.2.1/../../../arm-none-eabi/lib/thumb/v7-m/nofp/libc_nano.a(libc_a-sbrkr.o)
 .debug_info    0x0000d71f      0x78a /usr/lib/gcc/arm-none-eabi/13.2.1/../../../arm-none-eabi/lib/thumb/v7-m/nofp/libc_nano.a(libc_a-msizer.o)
 .debug_info    0x0000dea9      0x89f /usr/lib/gcc/arm-none-eabi/13.2.1/../../../arm-none-eabi/lib/thumb/v7-m/nofp/libc_nano.a(libc_a-reent.o)
 .debug_info    0x0000e748       0xac /usr/lib/gcc/arm-none-eabi/13.2.1/../../../arm-none-eabi/lib/thumb/v7-m/nofp/libnosys.a(sbrk.o)

.debug_abbrev   0x00000000     0x3233
 .debug_abbrev  0x00000000      0x105 ./Output/list.o
 .debug_abbrev  0x00000105      0x53a ./Output/tasks.o
 .debug_abbrev  0x0000063f      0x464 ./Output/queue.o
 .debug_abbrev  0x00000aa3      0x2d2 ./Output/heap_4.o
 .debug_abbrev  0x00000d75      0x2a7 ./Output/port.o
 .debug_abbrev  0x0000101c      0x1f1 ./Output/main.o
 .debug_abbrev  0x0000120d       0x93 ./Output/uart.o
 .debug_abbrev  0x000012a0      0x241 ./Output/logger.o
 .debug_abbrev  0x000014e1      0x165 ./Output/startup.o
 .debug_abbrev  0x00001646      0x21c /usr/lib/gcc/arm-none-eabi/13.2.1/../../../arm-none-eabi/lib/thumb/v7-m/nofp/libc_nano.a(libc_a-sprintf.o)
 .debug_abbrev  0x00001862      0x149 /usr/lib/gcc/arm-none-eabi/13.2.1/../../../arm-none-eabi/lib/thumb/v7-m/nofp/libc_nano.a(libc_a-impure.o)
 .debug_abbrev  0x000019ab      0x32f /usr/lib/gcc/arm-none-eabi/13.2.1/../../../arm-none-eabi/lib/thumb/v7-m/nofp/libc_nano.a(libc_a-nano-svfprintf.o)
 .debug_abbrev  0x00001cda       0xb7 /usr/lib/gcc/arm-none-eabi/13.2.1/../../../arm-none-eabi/lib/thumb/v7-m/nofp/libc_nano.a(libc_a-memset.o)
 .debug_abbrev  0x00001d91      0x24a /usr/lib/gcc/arm-none-eabi/13.2.1/../../../arm-none-eabi/lib/thumb/v7-m/nofp/libc_nano.a(libc_a-mallocr.o)
 .debug_abbrev  0x00001fdb      0x249 /usr/lib/gcc/arm-none-eabi/13.2.1/../../../arm-none-eabi/lib/thumb/v7-m/nofp/libc_nano.a(libc_a-freer.o)
 .debug_abbrev  0x00002224       0xc3 /usr/lib/gcc/arm-none-eabi/13.2.1/../../../arm-none-eabi/lib/thumb/v7-m/nofp/libc_nano.a(libc_a-memmove.o)
 .debug_abbrev  0x000022e7       0x28 /usr/lib/gcc/arm-none-eabi/13.2.1/../../../arm-none-eabi/lib/thumb/v7-m/nofp/libc_nano.a(libc_a-memcpy.o)
 .debug_abbrev  0x0000230f      0x20c /usr/lib/gcc/arm-none-eabi/13.2.1/../../../arm-none-eabi/lib/thumb/v7-m/nofp/libc_nano.a(libc_a-reallocr.o)
 .debug_abbrev  0x0000251b      0x284 /usr/lib/gcc/arm-none-eabi/13.2.1/../../../arm-none-eabi/lib/thumb/v7-m/nofp/libc_nano.a(libc_a-nano-vfprintf_i.o)
 .debug_abbrev  0x0000279f      0x192 /usr/lib/gcc/arm-none-eabi/13.2.1/../../../arm-none-eabi/lib/thumb/v7-m/nofp/libc_nano.a(libc_a-mlock.o)
 .debug_abbrev  0x00002931       0xc7 /usr/lib/gcc/arm-none-eabi/13.2.1/../../../arm-none-eabi/lib/thumb/v7-m/nofp/libc_nano.a(libc_a-memchr-stub.o)
 .debug_abbrev  0x000029f8      0x23c /usr/lib/gcc/arm-none-eabi/13.2.1/../../../arm-none-eabi/lib/thumb/v7-m/nofp/libc_nano.a(libc_a-snprintf.o)
 .debug_abbrev  0x00002c34      0x1da /usr/lib/gcc/arm-none-eabi/13.2.1/../../../arm-none-eabi/lib/thumb/v7-m/nofp/libc_nano.a(libc_a-sbrkr.o)
 .debug_abbrev  0x00002e0e      0x196 /usr/lib/gcc/arm-none-eabi/13.2.1/../../../arm-none-eabi/lib/thumb/v7-m/nofp/libc_nano.a(libc_a-msizer.o)
 .debug_abbrev  0x00002fa4      0x1ee /usr/lib/gcc/arm-none-eabi/13.2.1/../../../arm-none-eabi/lib/thumb/v7-m/nofp/libc_nano.a(libc_a-reent.o)
 .debug_abbrev  0x00003192       0xa1 /usr/lib/gcc/arm-none-eabi/13.2.1/../../../arm-none-eabi/lib/thumb/v7-m/nofp/libnosys.a(sbrk.o)

.debug_loclists
                0x00000000     0x4c28
 .debug_loclists
                0x00000000       0x77 ./Output/list.o
 .debug_loclists
                0x00000077     0x1d26 ./Output/tasks.o
 .debug_loclists
                0x00001d9d     0x1012 ./Output/queue.o
 .debug_loclists
                0x00002daf      0x36a ./Output/heap_4.o
 .debug_loclists
                0x00003119       0xb1 ./Output/port.o
 .debug_loclists
                0x000031ca       0x80 ./Output/main.o
 .debug_loclists
                0x0000324a       0x32 ./Output/uart.o
 .debug_loclists
                0x0000327c      0x1f5 ./Output/logger.o
 .debug_loclists
                0x00003471       0x29 ./Output/startup.o
 .debug_loclists
                0x0000349a       0x74 /usr/lib/gcc/arm-none-eabi/13.2.1/../../../arm-none-eabi/lib/thumb/v7-m/nofp/libc_nano.a(libc_a-sprintf.o)
 .debug_loclists
                0x0000350e      0x531 /usr/lib/gcc/arm-none-eabi/13.2.1/../../../arm-none-eabi/lib/thumb/v7-m/nofp/libc_nano.a(libc_a-nano-svfprintf.o)
 .debug_loclists
                0x00003a3f      0x1d7 /usr/lib/gcc/arm-none-eabi/13.2.1/../../../arm-none-eabi/lib/thumb/v7-m/nofp/libc_nano.a(libc_a-memset.o)
 .debug_loclists
                0x00003c16      0x273 /usr/lib/gcc/arm-none-eabi/13.2.1/../../../arm-none-eabi/lib/thumb/v7-m/nofp/libc_nano.a(libc_a-mallocr.o)
 .debug_loclists
                0x00003e89      0x164 /usr/lib/gcc/arm-none-eabi/13.2.1/../../../arm-none-eabi/lib/thumb/v7-m/nofp/libc_nano.a(libc_a-freer.o)
 .debug_loclists
                0x00003fed      0x21b /usr/lib/gcc/arm-none-eabi/13.2.1/../../../arm-none-eabi/lib/thumb/v7-m/nofp/libc_nano.a(libc_a-memmove.o)
 .debug_loclists
                0x00004208      0x102 /usr/lib/gcc/arm-none-eabi/13.2.1/../../../arm-none-eabi/lib/thumb/v7-m/nofp/libc_nano.a(libc_a-reallocr.o)
 .debug_loclists
                0x0000430a      0x444 /usr/lib/gcc/arm-none-eabi/13.2.1/../../../arm-none-eabi/lib/thumb/v7-m/nofp/libc_nano.a(libc_a-nano-vfprintf_i.o)
 .debug_loclists
                0x0000474e      0x172 /usr/lib/gcc/arm-none-eabi/13.2.1/../../../arm-none-eabi/lib/thumb/v7-m/nofp/libc_nano.a(libc_a-memchr-stub.o)
 .debug_loclists
                0x000048c0      0x214 /usr/lib/gcc/arm-none-eabi/13.2.1/../../../arm-none-eabi/lib/thumb/v7-m/nofp/libc_nano.a(libc_a-snprintf.o)
 .debug_loclists
                0x00004ad4       0x4b /usr/lib/gcc/arm-none-eabi/13.2.1/../../../arm-none-eabi/lib/thumb/v7-m/nofp/libc_nano.a(libc_a-sbrkr.o)
 .debug_loclists
                0x00004b1f       0x59 /usr/lib/gcc/arm-none-eabi/13.2.1/../../../arm-none-eabi/lib/thumb/v7-m/nofp/libc_nano.a(libc_a-msizer.o)
 .debug_loclists
                0x00004b78       0x80 /usr/lib/gcc/arm-none-eabi/13.2.1/../../../arm-none-eabi/lib/thumb/v7-m/nofp/libc_nano.a(libc_a-reent.o)
 .debug_loclists
                0x00004bf8       0x30 /usr/lib/gcc/arm-none-eabi/13.2.1/../../../arm-none-eabi/lib/thumb/v7-m/nofp/libnosys.a(sbrk.o)

.debug_aranges  0x00000000      0x758
 .debug_aranges
                0x00000000       0x40 ./Output/list.o
 .debug_aranges
                0x00000040      0x210 ./Output/tasks.o
 .debug_aranges
                0x00000250      0x140 ./Output/queue.o
 .debug_aranges
                0x00000390       0x60 ./Output/heap_4.o
 .debug_aranges
                0x000003f0       0x78 ./Output/port.o
 .debug_aranges
                0x00000468       0x38 ./Output/main.o
 .debug_aranges
                0x000004a0       0x28 ./Output/uart.o
 .debug_aranges
                0x000004c8       0x40 ./Output/logger.o
 .debug_aranges
                0x00000508       0x38 ./Output/startup.o
 .debug_aranges
                0x00000540       0x20 /usr/lib/gcc/arm-none-eabi/13.2.1/../../../arm-none-eabi/lib/thumb/v7-m/nofp/libc_nano.a(libc_a-sprintf.o)
 .debug_aranges
                0x00000560       0x18 /usr/lib/gcc/arm-none-eabi/13.2.1/../../../arm-none-eabi/lib/thumb/v7-m/nofp/libc_nano.a(libc_a-impure.o)
 .debug_aranges
                0x00000578       0x20 /usr/lib/gcc/arm-none-eabi/13.2.1/../../../arm-none-eabi/lib/thumb/v7-m/nofp/libc_nano.a(libc_a-nano-svfprintf.o)
 .debug_aranges
                0x00000598       0x20 /usr/lib/gcc/arm-none-eabi/13.2.1/../../../arm-none-eabi/lib/thumb/v7-m/nofp/libc_nano.a(libc_a-memset.o)
 .debug_aranges
                0x000005b8       0x20 /usr/lib/gcc/arm-none-eabi/13.2.1/../../../arm-none-eabi/lib/thumb/v7-m/nofp/libc_nano.a(libc_a-mallocr.o)
 .debug_aranges
                0x000005d8       0x20 /usr/lib/gcc/arm-none-eabi/13.2.1/../../../arm-none-eabi/lib/thumb/v7-m/nofp/libc_nano.a(libc_a-freer.o)
 .debug_aranges
                0x000005f8       0x20 /usr/lib/gcc/arm-none-eabi/13.2.1/../../../arm-none-eabi/lib/thumb/v7-m/nofp/libc_nano.a(libc_a-memmove.o)
 .debug_aranges
                0x00000618       0x20 /usr/lib/gcc/arm-none-eabi/13.2.1/../../../arm-none-eabi/lib/thumb/v7-m/nofp/libc_nano.a(libc_a-memcpy.o)
 .debug_aranges
                0x00000638       0x20 /usr/lib/gcc/arm-none-eabi/13.2.1/../../../arm-none-eabi/lib/thumb/v7-m/nofp/libc_nano.a(libc_a-reallocr.o)
 .debug_aranges
                0x00000658       0x20 /usr/lib/gcc/arm-none-eabi/13.2.1/../../../arm-none-eabi/lib/thumb/v7-m/nofp/libc_nano.a(libc_a-nano-vfprintf_i.o)
 .debug_aranges
                0x00000678       0x20 /usr/lib/gcc/arm-none-eabi/13.2.1/../../../arm-none-eabi/lib/thumb/v7-m/nofp/libc_nano.a(libc_a-mlock.o)
 .debug_aranges
                0x00000698       0x20 /usr/lib/gcc/arm-none-eabi/13.2.1/../../../arm-none-eabi/lib/thumb/v7-m/nofp/libc_nano.a(libc_a-memchr-stub.o)
 .debug_aranges
                0x000006b8       0x20 /usr/lib/gcc/arm-none-eabi/13.2.1/../../../arm-none-eabi/lib/thumb/v7-m/nofp/libc_nano.a(libc_a-snprintf.o)
 .debug_aranges
                0x000006d8       0x20 /usr/lib/gcc/arm-none-eabi/13.2.1/../../../arm-none-eabi/lib/thumb/v7-m/nofp/libc_nano.a(libc_a-sbrkr.o)
 .debug_aranges
                0x000006f8       0x20 /usr/lib/gcc/arm-none-eabi/13.2.1/../../../arm-none-eabi/lib/thumb/v7-m/nofp/libc_nano.a(libc_a-msizer.o)
 .debug_aranges
                0x00000718       0x20 /usr/lib/gcc/arm-none-eabi/13.2.1/../../../arm-none-eabi/lib/thumb/v7-m/nofp/libc_nano.a(libc_a-reent.o)
 .debug_aranges
                0x00000738       0x20 /usr/lib/gcc/arm-none-eabi/13.2.1/../../../arm-none-eabi/lib/thumb/v7-m/nofp/libnosys.a(sbrk.o)

.debug_rnglists
                0x00000000      0x795
 .debug_rnglists
                0x00000000       0x2b ./Output/list.o
 .debug_rnglists
                0x0000002b      0x337 ./Output/tasks.o
 .debug_rnglists
                0x00000362      0x1c4 ./Output/queue.o
 .debug_rnglists
                0x00000526       0x52 ./Output/heap_4.o
 .debug_rnglists
                0x00000578       0x6e ./Output/port.o
 .debug_rnglists
                0x000005e6       0x25 ./Output/main.o
 .debug_rnglists
                0x0000060b       0x19 ./Output/uart.o
 .debug_rnglists
                0x00000624       0x72 ./Output/logger.o
 .debug_rnglists
                0x00000696       0x25 ./Output/startup.o
 .debug_rnglists
                0x000006bb       0x42 /usr/lib/gcc/arm-none-eabi/13.2.1/../../../arm-none-eabi/lib/thumb/v7-m/nofp/libc_nano.a(libc_a-nano-svfprintf.o)
 .debug_rnglists
                0x000006fd       0x1f /usr/lib/gcc/arm-none-eabi/13.2.1/../../../arm-none-eabi/lib/thumb/v7-m/nofp/libc_nano.a(libc_a-mallocr.o)
 .debug_rnglists
                0x0000071c       0x13 /usr/lib/gcc/arm-none-eabi/13.2.1/../../../arm-none-eabi/lib/thumb/v7-m/nofp/libc_nano.a(libc_a-freer.o)
 .debug_rnglists
                0x0000072f       0x66 /usr/lib/gcc/arm-none-eabi/13.2.1/../../../arm-none-eabi/lib/thumb/v7-m/nofp/libc_nano.a(libc_a-nano-vfprintf_i.o)

.debug_macro    0x00000000     0x42f9
 .debug_macro   0x00000000      0x171 ./Output/list.o
 .debug_macro   0x00000171      0xac0 ./Output/list.o
 .debug_macro   0x00000c31       0x24 ./Output/list.o
 .debug_macro   0x00000c55       0x22 ./Output/list.o
 .debug_macro   0x00000c77       0x60 ./Output/list.o
 .debug_macro   0x00000cd7       0x94 ./Output/list.o
 .debug_macro   0x00000d6b       0x3c ./Output/list.o
 .debug_macro   0x00000da7       0x34 ./Output/list.o
 .debug_macro   0x00000ddb       0x16 ./Output/list.o
 .debug_macro   0x00000df1      0x11c ./Output/list.o
 .debug_macro   0x00000f0d       0x9b ./Output/list.o
 .debug_macro   0x00000fa8       0x57 ./Output/list.o
 .debug_macro   0x00000fff      0x370 ./Output/list.o
 .debug_macro   0x0000136f       0x16 ./Output/list.o
 .debug_macro   0x00001385       0x4a ./Output/list.o
 .debug_macro   0x000013cf       0x34 ./Output/list.o
 .debug_macro   0x00001403       0x10 ./Output/list.o
 .debug_macro   0x00001413       0x52 ./Output/list.o
 .debug_macro   0x00001465      0x1de ./Output/list.o
 .debug_macro   0x00001643       0x16 ./Output/list.o
 .debug_macro   0x00001659       0x29 ./Output/list.o
 .debug_macro   0x00001682      0x34e ./Output/list.o
 .debug_macro   0x000019d0       0x16 ./Output/list.o
 .debug_macro   0x000019e6      0x164 ./Output/list.o
 .debug_macro   0x00001b4a       0x22 ./Output/list.o
 .debug_macro   0x00001b6c      0x182 ./Output/list.o
 .debug_macro   0x00001cee       0xe7 ./Output/list.o
 .debug_macro   0x00001dd5       0x3a ./Output/list.o
 .debug_macro   0x00001e0f       0x1f ./Output/list.o
 .debug_macro   0x00001e2e       0x12 ./Output/list.o
 .debug_macro   0x00001e40      0xfec ./Output/list.o
 .debug_macro   0x00002e2c       0xc3 ./Output/list.o
 .debug_macro   0x00002eef      0x2a3 ./Output/tasks.o
 .debug_macro   0x00003192       0x16 ./Output/tasks.o
 .debug_macro   0x000031a8       0x3c ./Output/tasks.o
 .debug_macro   0x000031e4      0x14f ./Output/tasks.o
 .debug_macro   0x00003333       0x98 ./Output/tasks.o
 .debug_macro   0x000033cb       0x17 ./Output/tasks.o
 .debug_macro   0x000033e2       0x10 ./Output/tasks.o
 .debug_macro   0x000033f2      0x203 ./Output/queue.o
 .debug_macro   0x000035f5       0x80 ./Output/queue.o
 .debug_macro   0x00003675      0x201 ./Output/heap_4.o
 .debug_macro   0x00003876      0x162 ./Output/port.o
 .debug_macro   0x000039d8      0x190 ./Output/port.o
 .debug_macro   0x00003b68      0x1a6 ./Output/main.o
 .debug_macro   0x00003d0e       0x16 ./Output/main.o
 .debug_macro   0x00003d24       0x10 ./Output/main.o
 .debug_macro   0x00003d34       0x16 ./Output/main.o
 .debug_macro   0x00003d4a       0x16 ./Output/main.o
 .debug_macro   0x00003d60      0x170 ./Output/main.o
 .debug_macro   0x00003ed0       0x28 ./Output/main.o
 .debug_macro   0x00003ef8       0x8d ./Output/uart.o
 .debug_macro   0x00003f85       0x22 ./Output/uart.o
 .debug_macro   0x00003fa7      0x1ba ./Output/logger.o
 .debug_macro   0x00004161       0x86 ./Output/logger.o
 .debug_macro   0x000041e7       0x85 ./Output/logger.o
 .debug_macro   0x0000426c       0x8d ./Output/startup.o

.debug_line     0x00000000     0x9230
 .debug_line    0x00000000      0x445 ./Output/list.o
 .debug_line    0x00000445     0x2ccd ./Output/tasks.o
 .debug_line    0x00003112     0x1abd ./Output/queue.o
 .debug_line    0x00004bcf      0x83a ./Output/heap_4.o
 .debug_line    0x00005409      0x525 ./Output/port.o
 .debug_line    0x0000592e      0x2f6 ./Output/main.o
 .debug_line    0x00005c24      0x198 ./Output/uart.o
 .debug_line    0x00005dbc      0x556 ./Output/logger.o
 .debug_line    0x00006312      0x1f2 ./Output/startup.o
 .debug_line    0x00006504      0x234 /usr/lib/gcc/arm-none-eabi/13.2.1/../../../arm-none-eabi/lib/thumb/v7-m/nofp/libc_nano.a(libc_a-sprintf.o)
 .debug_line    0x00006738       0xe7 /usr/lib/gcc/arm-none-eabi/13.2.1/../../../arm-none-eabi/lib/thumb/v7-m/nofp/libc_nano.a(libc_a-impure.o)
 .debug_line    0x0000681f      0x862 /usr/lib/gcc/arm-none-eabi/13.2.1/../../../arm-none-eabi/lib/thumb/v7-m/nofp/libc_nano.a(libc_a-nano-svfprintf.o)
 .debug_line    0x00007081      0x1b1 /usr/lib/gcc/arm-none-eabi/13.2.1/../../../arm-none-eabi/lib/thumb/v7-m/nofp/libc_nano.a(libc_a-memset.o)
 .debug_line    0x00007232      0x45c /usr/lib/gcc/arm-none-eabi/13.2.1/../../../arm-none-eabi/lib/thumb/v7-m/nofp/libc_nano.a(libc_a-mallocr.o)
 .debug_line    0x0000768e      0x2c8 /usr/lib/gcc/arm-none-eabi/13.2.1/../../../arm-none-eabi/lib/thumb/v7-m/nofp/libc_nano.a(libc_a-freer.o)
 .debug_line    0x00007956      0x20d /usr/lib/gcc/arm-none-eabi/13.2.1/../../../arm-none-eabi/lib/thumb/v7-m/nofp/libc_nano.a(libc_a-memmove.o)
 .debug_line    0x00007b63       0xbd /usr/lib/gcc/arm-none-eabi/13.2.1/../../../arm-none-eabi/lib/thumb/v7-m/nofp/libc_nano.a(libc_a-memcpy.o)
 .debug_line    0x00007c20      0x1fa /usr/lib/gcc/arm-none-eabi/13.2.1/../../../arm-none-eabi/lib/thumb/v7-m/nofp/libc_nano.a(libc_a-reallocr.o)
 .debug_line    0x00007e1a      0x770 /usr/lib/gcc/arm-none-eabi/13.2.1/../../../arm-none-eabi/lib/thumb/v7-m/nofp/libc_nano.a(libc_a-nano-vfprintf_i.o)
 .debug_line    0x0000858a      0x153 /usr/lib/gcc/arm-none-eabi/13.2.1/../../../arm-none-eabi/lib/thumb/v7-m/nofp/libc_nano.a(libc_a-mlock.o)
 .debug_line    0x000086dd      0x200 /usr/lib/gcc/arm-none-eabi/13.2.1/../../../arm-none-eabi/lib/thumb/v7-m/nofp/libc_nano.a(libc_a-memchr-stub.o)
 .debug_line    0x000088dd      0x356 /usr/lib/gcc/arm-none-eabi/13.2.1/../../../arm-none-eabi/lib/thumb/v7-m/nofp/libc_nano.a(libc_a-snprintf.o)
 .debug_line    0x00008c33      0x196 /usr/lib/gcc/arm-none-eabi/13.2.1/../../../arm-none-eabi/lib/thumb/v7-m/nofp/libc_nano.a(libc_a-sbrkr.o)
 .debug_line    0x00008dc9      0x176 /usr/lib/gcc/arm-none-eabi/13.2.1/../../../arm-none-eabi/lib/thumb/v7-m/nofp/libc_nano.a(libc_a-msizer.o)
 .debug_line    0x00008f3f      0x27b /usr/lib/gcc/arm-none-eabi/13.2.1/../../../arm-none-eabi/lib/thumb/v7-m/nofp/libc_nano.a(libc_a-reent.o)
 .debug_line    0x000091ba       0x76 /usr/lib/gcc/arm-none-eabi/13.2.1/../../../arm-none-eabi/lib/thumb/v7-m/nofp/libnosys.a(sbrk.o)

.debug_str      0x00000000    0x175f2
 .debug_str     0x00000000    0x175f2 ./Output/list.o
                               0xff80 (size before relaxing)
 .debug_str     0x000175f2    0x13827 ./Output/tasks.o
 .debug_str     0x000175f2    0x128fd ./Output/queue.o
 .debug_str     0x000175f2    0x11a99 ./Output/heap_4.o
 .debug_str     0x000175f2     0xeda4 ./Output/port.o
 .debug_str     0x000175f2    0x11af8 ./Output/main.o
 .debug_str     0x000175f2     0xc5de ./Output/uart.o
 .debug_str     0x000175f2    0x12b98 ./Output/logger.o
 .debug_str     0x000175f2     0xc684 ./Output/startup.o
 .debug_str     0x000175f2      0x4f3 /usr/lib/gcc/arm-none-eabi/13.2.1/../../../arm-none-eabi/lib/thumb/v7-m/nofp/libc_nano.a(libc_a-sprintf.o)
 .debug_str     0x000175f2      0x4b4 /usr/lib/gcc/arm-none-eabi/13.2.1/../../../arm-none-eabi/lib/thumb/v7-m/nofp/libc_nano.a(libc_a-impure.o)
 .debug_str     0x000175f2      0x7fd /usr/lib/gcc/arm-none-eabi/13.2.1/../../../arm-none-eabi/lib/thumb/v7-m/nofp/libc_nano.a(libc_a-nano-svfprintf.o)
 .debug_str     0x000175f2      0x1a5 /usr/lib/gcc/arm-none-eabi/13.2.1/../../../arm-none-eabi/lib/thumb/v7-m/nofp/libc_nano.a(libc_a-memset.o)
 .debug_str     0x000175f2      0x595 /usr/lib/gcc/arm-none-eabi/13.2.1/../../../arm-none-eabi/lib/thumb/v7-m/nofp/libc_nano.a(libc_a-mallocr.o)
 .debug_str     0x000175f2      0x534 /usr/lib/gcc/arm-none-eabi/13.2.1/../../../arm-none-eabi/lib/thumb/v7-m/nofp/libc_nano.a(libc_a-freer.o)
 .debug_str     0x000175f2      0x1c4 /usr/lib/gcc/arm-none-eabi/13.2.1/../../../arm-none-eabi/lib/thumb/v7-m/nofp/libc_nano.a(libc_a-memmove.o)
 .debug_str     0x000175f2       0xa8 /usr/lib/gcc/arm-none-eabi/13.2.1/../../../arm-none-eabi/lib/thumb/v7-m/nofp/libc_nano.a(libc_a-memcpy.o)
 .debug_str     0x000175f2      0x52a /usr/lib/gcc/arm-none-eabi/13.2.1/../../../arm-none-eabi/lib/thumb/v7-m/nofp/libc_nano.a(libc_a-reallocr.o)
 .debug_str     0x000175f2      0x793 /usr/lib/gcc/arm-none-eabi/13.2.1/../../../arm-none-eabi/lib/thumb/v7-m/nofp/libc_nano.a(libc_a-nano-vfprintf_i.o)
 .debug_str     0x000175f2      0x4d2 /usr/lib/gcc/arm-none-eabi/13.2.1/../../../arm-none-eabi/lib/thumb/v7-m/nofp/libc_nano.a(libc_a-mlock.o)
 .debug_str     0x000175f2      0x1b5 /usr/lib/gcc/arm-none-eabi/13.2.1/../../../arm-none-eabi/lib/thumb/v7-m/nofp/libc_nano.a(libc_a-memchr-stub.o)
 .debug_str     0x000175f2      0x502 /usr/lib/gcc/arm-none-eabi/13.2.1/../../../arm-none-eabi/lib/thumb/v7-m/nofp/libc_nano.a(libc_a-snprintf.o)
 .debug_str     0x000175f2      0x4bd /usr/lib/gcc/arm-none-eabi/13.2.1/../../../arm-none-eabi/lib/thumb/v7-m/nofp/libc_nano.a(libc_a-sbrkr.o)
 .debug_str     0x000175f2      0x4fd /usr/lib/gcc/arm-none-eabi/13.2.1/../../../arm-none-eabi/lib/thumb/v7-m/nofp/libc_nano.a(libc_a-msizer.o)
 .debug_str     0x000175f2      0x4d3 /usr/lib/gcc/arm-none-eabi/13.2.1/../../../arm-none-eabi/lib/thumb/v7-m/nofp/libc_nano.a(libc_a-reent.o)
 .debug_str     0x000175f2      0x115 /usr/lib/gcc/arm-none-eabi/13.2.1/../../../arm-none-eabi/lib/thumb/v7-m/nofp/libnosys.a(sbrk.o)

.comment        0x00000000       0x26
 .comment       0x00000000       0x26 ./Output/list.o
                                 0x27 (size before relaxing)
 .comment       0x00000026       0x27 ./Output/tasks.o
 .comment       0x00000026       0x27 ./Output/queue.o
 .comment       0x00000026       0x27 ./Output/heap_4.o
 .comment       0x00000026       0x27 ./Output/port.o
 .comment       0x00000026       0x27 ./Output/main.o
 .comment       0x00000026       0x27 ./Output/uart.o
 .comment       0x00000026       0x27 ./Output/logger.o
 .comment       0x00000026       0x27 ./Output/startup.o
 .comment       0x00000026       0x27 /usr/lib/gcc/arm-none-eabi/13.2.1/../../../arm-none-eabi/lib/thumb/v7-m/nofp/libc_nano.a(libc_a-sprintf.o)
 .comment       0x00000026       0x27 /usr/lib/gcc/arm-none-eabi/13.2.1/../../../arm-none-eabi/lib/thumb/v7-m/nofp/libc_nano.a(libc_a-impure.o)
 .comment       0x00000026       0x27 /usr/lib/gcc/arm-none-eabi/13.2.1/../../../arm-none-eabi/lib/thumb/v7-m/nofp/libc_nano.a(libc_a-nano-svfprintf.o)
 .comment       0x00000026       0x27 /usr/lib/gcc/arm-none-eabi/13.2.1/../../../arm-none-eabi/lib/thumb/v7-m/nofp/libc_nano.a(libc_a-memset.o)
 .comment       0x00000026       0x27 /usr/lib/gcc/arm-none-eabi/13.2.1/../../../arm-none-eabi/lib/thumb/v7-m/nofp/libc_nano.a(libc_a-mallocr.o)
 .comment       0x00000026       0x27 /usr/lib/gcc/arm-none-eabi/13.2.1/../../../arm-none-eabi/lib/thumb/v7-m/nofp/libc_nano.a(libc_a-freer.o)
 .comment       0x00000026       0x27 /usr/lib/gcc/arm-none-eabi/13.2.1/../../../arm-none-eabi/lib/thumb/v7-m/nofp/libc_nano.a(libc_a-memmove.o)
 .comment       0x00000026       0x27 /usr/lib/gcc/arm-none-eabi/13.2.1/../../../arm-none-eabi/lib/thumb/v7-m/nofp/libc_nano.a(libc_a-reallocr.o)
 .comment       0x00000026       0x27 /usr/lib/gcc/arm-none-eabi/13.2.1/../../../arm-none-eabi/lib/thumb/v7-m/nofp/libc_nano.a(libc_a-nano-vfprintf_i.o)
 .comment       0x00000026       0x27 /usr/lib/gcc/arm-none-eabi/13.2.1/../../../arm-none-eabi/lib/thumb/v7-m/nofp/libc_nano.a(libc_a-mlock.o)
 .comment       0x00000026       0x27 /usr/lib/gcc/arm-none-eabi/13.2.1/../../../arm-none-eabi/lib/thumb/v7-m/nofp/libc_nano.a(libc_a-memchr-stub.o)
 .comment       0x00000026       0x27 /usr/lib/gcc/arm-none-eabi/13.2.1/../../../arm-none-eabi/lib/thumb/v7-m/nofp/libc_nano.a(libc_a-snprintf.o)
 .comment       0x00000026       0x27 /usr/lib/gcc/arm-none-eabi/13.2.1/../../../arm-none-eabi/lib/thumb/v7-m/nofp/libc_nano.a(libc_a-sbrkr.o)
 .comment       0x00000026       0x27 /usr/lib/gcc/arm-none-eabi/13.2.1/../../../arm-none-eabi/lib/thumb/v7-m/nofp/libc_nano.a(libc_a-msizer.o)
 .comment       0x00000026       0x27 /usr/lib/gcc/arm-none-eabi/13.2.1/../../../arm-none-eabi/lib/thumb/v7-m/nofp/libc_nano.a(libc_a-reent.o)
 .comment       0x00000026       0x27 /usr/lib/gcc/arm-none-eabi/13.2.1/../../../arm-none-eabi/lib/thumb/v7-m/nofp/libnosys.a(sbrk.o)

.ARM.attributes
                0x00000000       0x2b
 .ARM.attributes
                0x00000000       0x2d ./Output/list.o
 .ARM.attributes
                0x0000002d       0x2d ./Output/tasks.o
 .ARM.attributes
                0x0000005a       0x2d ./Output/queue.o
 .ARM.attributes
                0x00000087       0x2d ./Output/heap_4.o
 .ARM.attributes
                0x000000b4       0x2d ./Output/port.o
 .ARM.attributes
                0x000000e1       0x2d ./Output/main.o
 .ARM.attributes
                0x0000010e       0x2d ./Output/uart.o
 .ARM.attributes
                0x0000013b       0x2d ./Output/logger.o
 .ARM.attributes
                0x00000168       0x2d ./Output/startup.o
 .ARM.attributes
                0x00000195       0x2d /usr/lib/gcc/arm-none-eabi/13.2.1/../../../arm-none-eabi/lib/thumb/v7-m/nofp/libc_nano.a(libc_a-sprintf.o)
 .ARM.attributes
                0x000001c2       0x2d /usr/lib/gcc/arm-none-eabi/13.2.1/../../../arm-none-eabi/lib/thumb/v7-m/nofp/libc_nano.a(libc_a-impure.o)
 .ARM.attributes
                0x000001ef       0x2d /usr/lib/gcc/arm-none-eabi/13.2.1/../../../arm-none-eabi/lib/thumb/v7-m/nofp/libc_nano.a(libc_a-nano-svfprintf.o)
 .ARM.attributes
                0x0000021c       0x2d /usr/lib/gcc/arm-none-eabi/13.2.1/../../../arm-none-eabi/lib/thumb/v7-m/nofp/libc_nano.a(libc_a-memset.o)
 .ARM.attributes
                0x00000249       0x2d /usr/lib/gcc/arm-none-eabi/13.2.1/../../../arm-none-eabi/lib/thumb/v7-m/nofp/libc_nano.a(libc_a-mallocr.o)
 .ARM.attributes
                0x00000276       0x2d /usr/lib/gcc/arm-none-eabi/13.2.1/../../../arm-none-eabi/lib/thumb/v7-m/nofp/libc_nano.a(libc_a-freer.o)
 .ARM.attributes
                0x000002a3       0x2d /usr/lib/gcc/arm-none-eabi/13.2.1/../../../arm-none-eabi/lib/thumb/v7-m/nofp/libc_nano.a(libc_a-memmove.o)
 .ARM.attributes
                0x000002d0       0x1b /usr/lib/gcc/arm-none-eabi/13.2.1/../../../arm-none-eabi/lib/thumb/v7-m/nofp/libc_nano.a(libc_a-memcpy.o)
 .ARM.attributes
                0x000002eb       0x2d /usr/lib/gcc/arm-none-eabi/13.2.1/../../../arm-none-eabi/lib/thumb/v7-m/nofp/libc_nano.a(libc_a-reallocr.o)
 .ARM.attributes
                0x00000318       0x2d /usr/lib/gcc/arm-none-eabi/13.2.1/../../../arm-none-eabi/lib/thumb/v7-m/nofp/libc_nano.a(libc_a-nano-vfprintf_i.o)
 .ARM.attributes
                0x00000345       0x2d /usr/lib/gcc/arm-none-eabi/13.2.1/../../../arm-none-eabi/lib/thumb/v7-m/nofp/libc_nano.a(libc_a-mlock.o)
 .ARM.attributes
                0x00000372       0x2d /usr/lib/gcc/arm-none-eabi/13.2.1/../../../arm-none-eabi/lib/thumb/v7-m/nofp/libc_nano.a(libc_a-memchr-stub.o)
 .ARM.attributes
                0x0000039f       0x2d /usr/lib/gcc/arm-none-eabi/13.2.1/../../../arm-none-eabi/lib/thumb/v7-m/nofp/libc_nano.a(libc_a-snprintf.o)
 .ARM.attributes
                0x000003cc       0x2d /usr/lib/gcc/arm-none-eabi/13.2.1/../../../arm-none-eabi/lib/thumb/v7-m/nofp/libc_nano.a(libc_a-sbrkr.o)
 .ARM.attributes
                0x000003f9       0x2d /usr/lib/gcc/arm-none-eabi/13.2.1/../../../arm-none-eabi/lib/thumb/v7-m/nofp/libc_nano.a(libc_a-msizer.o)
 .ARM.attributes
                0x00000426       0x2d /usr/lib/gcc/arm-none-eabi/13.2.1/../../../arm-none-eabi/lib/thumb/v7-m/nofp/libc_nano.a(libc_a-reent.o)
 .ARM.attributes
                0x00000453       0x2d /usr/lib/gcc/arm-none-eabi/13.2.1/../../../arm-none-eabi/lib/thumb/v7-m/nofp/libnosys.a(sbrk.o)

.debug_frame    0x00000000     0x1314
 .debug_frame   0x00000000       0x6c ./Output/list.o
 .debug_frame   0x0000006c      0x6c4 ./Output/tasks.o
 .debug_frame   0x00000730      0x3f8 ./Output/queue.o
 .debug_frame   0x00000b28       0xf4 ./Output/heap_4.o
 .debug_frame   0x00000c1c       0xec ./Output/port.o
 .debug_frame   0x00000d08       0x68 ./Output/main.o
 .debug_frame   0x00000d70       0x30 ./Output/uart.o
 .debug_frame   0x00000da0       0xb0 ./Output/logger.o
 .debug_frame   0x00000e50       0x58 ./Output/startup.o
 .debug_frame   0x00000ea8       0x80 /usr/lib/gcc/arm-none-eabi/13.2.1/../../../arm-none-eabi/lib/thumb/v7-m/nofp/libc_nano.a(libc_a-sprintf.o)
 .debug_frame   0x00000f28       0x98 /usr/lib/gcc/arm-none-eabi/13.2.1/../../../arm-none-eabi/lib/thumb/v7-m/nofp/libc_nano.a(libc_a-nano-svfprintf.o)
 .debug_frame   0x00000fc0       0x2c /usr/lib/gcc/arm-none-eabi/13.2.1/../../../arm-none-eabi/lib/thumb/v7-m/nofp/libc_nano.a(libc_a-memset.o)
 .debug_frame   0x00000fec       0x50 /usr/lib/gcc/arm-none-eabi/13.2.1/../../../arm-none-eabi/lib/thumb/v7-m/nofp/libc_nano.a(libc_a-mallocr.o)
 .debug_frame   0x0000103c       0x58 /usr/lib/gcc/arm-none-eabi/13.2.1/../../../arm-none-eabi/lib/thumb/v7-m/nofp/libc_nano.a(libc_a-freer.o)
 .debug_frame   0x00001094       0x40 /usr/lib/gcc/arm-none-eabi/13.2.1/../../../arm-none-eabi/lib/thumb/v7-m/nofp/libc_nano.a(libc_a-memmove.o)
 .debug_frame   0x000010d4       0x38 /usr/lib/gcc/arm-none-eabi/13.2.1/../../../arm-none-eabi/lib/thumb/v7-m/nofp/libc_nano.a(libc_a-reallocr.o)
 .debug_frame   0x0000110c       0x6c /usr/lib/gcc/arm-none-eabi/13.2.1/../../../arm-none-eabi/lib/thumb/v7-m/nofp/libc_nano.a(libc_a-nano-vfprintf_i.o)
 .debug_frame   0x00001178       0x30 /usr/lib/gcc/arm-none-eabi/13.2.1/../../../arm-none-eabi/lib/thumb/v7-m/nofp/libc_nano.a(libc_a-mlock.o)
 .debug_frame   0x000011a8       0x2c /usr/lib/gcc/arm-none-eabi/13.2.1/../../../arm-none-eabi/lib/thumb/v7-m/nofp/libc_nano.a(libc_a-memchr-stub.o)
 .debug_frame   0x000011d4       0x94 /usr/lib/gcc/arm-none-eabi/13.2.1/../../../arm-none-eabi/lib/thumb/v7-m/nofp/libc_nano.a(libc_a-snprintf.o)
 .debug_frame   0x00001268       0x2c /usr/lib/gcc/arm-none-eabi/13.2.1/../../../arm-none-eabi/lib/thumb/v7-m/nofp/libc_nano.a(libc_a-sbrkr.o)
 .debug_frame   0x00001294       0x20 /usr/lib/gcc/arm-none-eabi/13.2.1/../../../arm-none-eabi/lib/thumb/v7-m/nofp/libc_nano.a(libc_a-msizer.o)
 .debug_frame   0x000012b4       0x40 /usr/lib/gcc/arm-none-eabi/13.2.1/../../../arm-none-eabi/lib/thumb/v7-m/nofp/libc_nano.a(libc_a-reent.o)
 .debug_frame   0x000012f4       0x20 /usr/lib/gcc/arm-none-eabi/13.2.1/../../../arm-none-eabi/lib/thumb/v7-m/nofp/libnosys.a(sbrk.o)

.debug_line_str
                0x00000000       0x95
 .debug_line_str
                0x00000000       0x95 /usr/lib/gcc/arm-none-eabi/13.2.1/../../../arm-none-eabi/lib/thumb/v7-m/nofp/libc_nano.a(libc_a-memcpy.o)
